// Jest Snapshot v1, https://goo.gl/fbAQLP

exports[`Product Title should render without crashing with the Product Name 1`] = `
<div
  className="productCard undefined"
>
  <span
    className="productDescription undefined"
  >
    Coffee Mug - Card
  </span>
</div>
`;
